================================== Résultats des Équations Quadratiques ==================================
a          b          c          Solution(s)               Résultat  
======================================================================================================
0.00000    4920360891.16412 0.00000    Exception : Le coefficient 'a' doit être non nul pour une équation du second degré. False     
------------------------------------------------------------------------------------------------------
6.00000    7556.33181 3.00000    -0.00040 -1259.38824      True      
------------------------------------------------------------------------------------------------------
5569.31798 1044.42687 6296732423.14854 Exception : L'équation n'a pas de solutions réelles. False     
------------------------------------------------------------------------------------------------------
3368098480.20739 6.00000    2707.60469 Exception : L'équation n'a pas de solutions réelles. False     
------------------------------------------------------------------------------------------------------
725.48444  0.00000    0.00000    Exception : L'équation n'a pas de solutions réelles. False     
------------------------------------------------------------------------------------------------------
0.00001    -5624647269.16878 -11.90386  1110193497963446.00000 0.00000 False     
------------------------------------------------------------------------------------------------------
6635.28158 0.00000    2349.79500 Exception : L'équation n'a pas de solutions réelles. False     
------------------------------------------------------------------------------------------------------
-11.89978  4762.46395 5597.35710 -1.17188 401.38644        True      
------------------------------------------------------------------------------------------------------
-2226437766.62757 -4.88551   -2448173154.09870 Exception : L'équation n'a pas de solutions réelles. False     
------------------------------------------------------------------------------------------------------
0.00000    0.00000    -9744713107.00630 Exception : Le coefficient 'a' doit être non nul pour une équation du second degré. False     
------------------------------------------------------------------------------------------------------
11.00000   0.00000    0.00000    -0.00000                  True      
------------------------------------------------------------------------------------------------------
2866.41738 0.00000    8605.17214 Exception : L'équation n'a pas de solutions réelles. False     
------------------------------------------------------------------------------------------------------
188930362.27614 0.00000    7.00000    Exception : L'équation n'a pas de solutions réelles. False     
------------------------------------------------------------------------------------------------------
7231.46857 0.00000    2750817380.72817 Exception : L'équation n'a pas de solutions réelles. False     
------------------------------------------------------------------------------------------------------
0.00001    0.00000    0.00000    Exception : L'équation n'a pas de solutions réelles. False     
------------------------------------------------------------------------------------------------------
9954.47168 6.00000    7093.09672 Exception : L'équation n'a pas de solutions réelles. False     
------------------------------------------------------------------------------------------------------
-12.70232  0.00000    -14.23799  Exception : L'équation n'a pas de solutions réelles. False     
------------------------------------------------------------------------------------------------------
-5699381783.67286 0.00000    7576.20054 -0.00115 0.00115          True      
------------------------------------------------------------------------------------------------------
0.00000    1640.98787 0.00000    Exception : Le coefficient 'a' doit être non nul pour une équation du second degré. False     
------------------------------------------------------------------------------------------------------
7.00000    8623744668.60128 -1840783488.22324 0.21346 -1231963524.29935 False     
------------------------------------------------------------------------------------------------------
0.00000    5072.32347 736.16360  Exception : Le coefficient 'a' doit être non nul pour une équation du second degré. False     
------------------------------------------------------------------------------------------------------
0.00000    0.00001    3084044051.91244 Exception : Le coefficient 'a' doit être non nul pour une équation du second degré. False     
------------------------------------------------------------------------------------------------------
0.00000    8914.17030 -8.10484   Exception : Le coefficient 'a' doit être non nul pour une équation du second degré. False     
------------------------------------------------------------------------------------------------------
0.00000    -14.66367  5490.16297 Exception : Le coefficient 'a' doit être non nul pour une équation du second degré. False     
------------------------------------------------------------------------------------------------------
0.00000    -5143039830.73477 5.00000    Exception : Le coefficient 'a' doit être non nul pour une équation du second degré. False     
------------------------------------------------------------------------------------------------------
0.00000    14.00000   7786.83369 Exception : Le coefficient 'a' doit être non nul pour une équation du second degré. False     
------------------------------------------------------------------------------------------------------
3595.32310 2511.40647 -6716969110.41854 1366.49089 -1367.18941    False     
------------------------------------------------------------------------------------------------------
4556102779.71853 -733739162.24605 -8742843113.48216 1.46812 -1.30707          False     
------------------------------------------------------------------------------------------------------
4035.41534 2406.53318 -1876973967.59972 681.70288 -682.29923      True      
------------------------------------------------------------------------------------------------------
0.00000    13.00000   -976515979.77892 13368061.80080 -16262138.99678 True      
------------------------------------------------------------------------------------------------------
1622.74271 1959.14313 -1111740015.19006 827.10387 -828.31117      True      
------------------------------------------------------------------------------------------------------
-3.09627   0.00000    -2015814902.50836 Exception : L'équation n'a pas de solutions réelles. False     
------------------------------------------------------------------------------------------------------
-7842840471.62733 4389036477.93267 -9.83821   0.00000 0.55962           True      
------------------------------------------------------------------------------------------------------
6717.89593 -3.03884   -6.72063   0.03186 -0.03140          True      
------------------------------------------------------------------------------------------------------
6171.24886 -9321739553.63388 0.00000    1510511.04345 0.00000     False     
------------------------------------------------------------------------------------------------------
-9502616125.56272 -7735442713.30578 3918.05139 -0.81403 0.00000          True      
------------------------------------------------------------------------------------------------------
13.00000   8333.28425 5850.22612 -0.70280 -640.31906       True      
------------------------------------------------------------------------------------------------------
2769.61784 3973.88794 2197.83107 Exception : L'équation n'a pas de solutions réelles. False     
------------------------------------------------------------------------------------------------------
5988858214.17680 5706637787.78509 7295.90510 -0.00000 -0.95287         False     
------------------------------------------------------------------------------------------------------
0.00001    0.00000    6725.96297 Exception : L'équation n'a pas de solutions réelles. False     
------------------------------------------------------------------------------------------------------
-4.68850   -12.84169  7401.23244 -41.12461 38.38563        True      
------------------------------------------------------------------------------------------------------
8490.35216 6352.36227 1072.16754 -0.25720 -0.49099         True      
------------------------------------------------------------------------------------------------------
0.00001    6014.27950 0.00000    0.00000 -846296847.03308  True      
------------------------------------------------------------------------------------------------------
-38156848.77481 0.00001    14.00000   -0.00061 0.00061          True      
------------------------------------------------------------------------------------------------------
9635.72173 2850.49846 7009.12568 Exception : L'équation n'a pas de solutions réelles. False     
------------------------------------------------------------------------------------------------------
-9991377871.45926 7352.44274 3368643149.04857 -0.58065 0.58065          True      
------------------------------------------------------------------------------------------------------
-7.19666   9001.79693 0.00001    -0.00000 1250.83022       True      
------------------------------------------------------------------------------------------------------
7.00000    -1820750319.62042 984.27734  260107188.51720 0.00000   False     
------------------------------------------------------------------------------------------------------
7038.13889 0.00000    -6.34807   0.03003 -0.03003          True      
------------------------------------------------------------------------------------------------------
8476069077.29316 0.00000    7024.18658 Exception : L'équation n'a pas de solutions réelles. False     
------------------------------------------------------------------------------------------------------
3.00000    4.00000    0.00000    -0.00000 -1.33333         True      
------------------------------------------------------------------------------------------------------
2795.69604 1961.10582 1119575259.28551 Exception : L'équation n'a pas de solutions réelles. False     
------------------------------------------------------------------------------------------------------
8521.91736 6884391065.23542 2980.30552 -0.00000 -807845.32121    False     
------------------------------------------------------------------------------------------------------
0.00001    3001.08668 4590.96023 -1.52977 -377401855.33649 False     
------------------------------------------------------------------------------------------------------
1373843273.39372 -7.74903   0.00000    Exception : L'équation n'a pas de solutions réelles. False     
------------------------------------------------------------------------------------------------------
6072753835.85314 9294.74116 0.00000    0.00000 -0.00000          True      
------------------------------------------------------------------------------------------------------
0.00000    169255419.02530 15.00000   0.00000 -97075355615683.34000 False     
------------------------------------------------------------------------------------------------------
7.00000    0.00001    4857.42516 Exception : L'équation n'a pas de solutions réelles. False     
------------------------------------------------------------------------------------------------------
5688.18308 5.00000    11.00000   Exception : L'équation n'a pas de solutions réelles. False     
------------------------------------------------------------------------------------------------------
-7.34918   4250575809.70397 5527678066.60112 -1.30045 578374088.26071  False     
------------------------------------------------------------------------------------------------------
3373.24718 5282.62391 12.00000   -0.00227 -1.56376         True      
------------------------------------------------------------------------------------------------------
-12.22944  -7.32695   12.00000   -1.33444 0.73532          True      
------------------------------------------------------------------------------------------------------
-6189575195.38538 6.00000    0.00000    -0.00000 0.00000          True      
------------------------------------------------------------------------------------------------------
0.00000    99.18378   7744.06588 -78.07807 -49046906.57870 True      
------------------------------------------------------------------------------------------------------
2258.10914 -13.94432  6449.44790 Exception : L'équation n'a pas de solutions réelles. False     
------------------------------------------------------------------------------------------------------
2687.87295 -2702546869.66347 1070.80994 1005459.30499 0.00000     False     
------------------------------------------------------------------------------------------------------
5249.68712 9867070479.78338 0.00000    0.00000 -1879554.00895    False     
------------------------------------------------------------------------------------------------------
-1558325052.98991 3990.51815 6.00000    -0.00006 0.00006          True      
------------------------------------------------------------------------------------------------------
-8.77336   8440.61738 0.00000    -0.00000 962.07342        True      
------------------------------------------------------------------------------------------------------
8.00000    -14.18406  8833165339.04959 Exception : L'équation n'a pas de solutions réelles. False     
------------------------------------------------------------------------------------------------------
5.00000    8829.96526 -9.05196   0.00103 -1765.99408       True      
------------------------------------------------------------------------------------------------------
6815.97251 -7.73905   0.00000    0.00114 0.00000           True      
------------------------------------------------------------------------------------------------------
3159281842.72644 3152.31667 -4.19847   0.00004 -0.00004          True      
------------------------------------------------------------------------------------------------------
1727.66119 -8079216291.91718 12.00000   4676389.29168 0.00000     False     
------------------------------------------------------------------------------------------------------
-12.65427  -469937749.72928 9810049956.23805 -37136707.78281 20.87520  False     
------------------------------------------------------------------------------------------------------
0.00001    4.00000    6502408108.24246 Exception : L'équation n'a pas de solutions réelles. False     
------------------------------------------------------------------------------------------------------
-9160201361.22795 -853694651.56706 0.00001    -0.09320 0.00000          True      
------------------------------------------------------------------------------------------------------
2362763905.57584 5715.76870 5310262623.02706 Exception : L'équation n'a pas de solutions réelles. False     
------------------------------------------------------------------------------------------------------
9656.26282 2914.57941 0.00000    -0.00000 -0.30183         True      
------------------------------------------------------------------------------------------------------
-3.21243   6112.79263 6714.30118 -1.09777 1903.95165       True      
------------------------------------------------------------------------------------------------------
8741.52954 6.00000    -12.90067  0.03807 -0.03876          True      
------------------------------------------------------------------------------------------------------
5996.85879 6473569013.44073 3499.05862 -0.00000 -1079493.32222   False     
------------------------------------------------------------------------------------------------------
881.07234  0.00000    0.00000    0.00000 -0.00000          True      
------------------------------------------------------------------------------------------------------
-345817059.89998 1402.57486 5684.37075 -0.00405 0.00406          True      
------------------------------------------------------------------------------------------------------
9032.58291 0.00001    0.00001    Exception : L'équation n'a pas de solutions réelles. False     
------------------------------------------------------------------------------------------------------
8647676477.47279 8232.55229 2760.56555 Exception : L'équation n'a pas de solutions réelles. False     
------------------------------------------------------------------------------------------------------
0.00000    -7.12248   0.00001    1715914.76544 0.00000     True      
------------------------------------------------------------------------------------------------------
-14.82192  4.00000    -3331316249.21905 Exception : L'équation n'a pas de solutions réelles. False     
------------------------------------------------------------------------------------------------------
2470.44528 6251.16495 9982.16882 Exception : L'équation n'a pas de solutions réelles. False     
------------------------------------------------------------------------------------------------------
================================== Résultats des Équations Quadratiques ==================================
a          b          c          Solution(s)               Résultat  
======================================================================================================
0.00000    7043207181.29965 0.00000    Exception : Le coefficient 'a' doit être non nul pour une équation du second degré. False     
------------------------------------------------------------------------------------------------------
5.00000    1412.22934 13.00000   -0.00921 -282.43666       True      
------------------------------------------------------------------------------------------------------
4711.33190 9649.41347 8518676046.11513 Exception : L'équation n'a pas de solutions réelles. False     
------------------------------------------------------------------------------------------------------
1826075936.65950 10.00000   1679.68297 Exception : L'équation n'a pas de solutions réelles. False     
------------------------------------------------------------------------------------------------------
3762.91565 0.00000    0.00000    Exception : L'équation n'a pas de solutions réelles. False     
------------------------------------------------------------------------------------------------------
0.00000    -3438259727.60614 -8.93063   1530224654421044.20000 0.00000 False     
------------------------------------------------------------------------------------------------------
567.81571  0.00000    4515.09820 Exception : L'équation n'a pas de solutions réelles. False     
------------------------------------------------------------------------------------------------------
-13.72348  5086.13913 5164.45680 -1.01263 371.62845        True      
------------------------------------------------------------------------------------------------------
-7678891052.23202 -6.65648   -7782651613.61569 Exception : L'équation n'a pas de solutions réelles. False     
------------------------------------------------------------------------------------------------------
0.00000    0.00000    -3200498265.47125 Exception : Le coefficient 'a' doit être non nul pour une équation du second degré. False     
------------------------------------------------------------------------------------------------------
10.00000   0.00000    0.00000    -0.00000                  True      
------------------------------------------------------------------------------------------------------
1259.29287 0.00000    9131.07972 Exception : L'équation n'a pas de solutions réelles. False     
------------------------------------------------------------------------------------------------------
5924125140.31205 0.00000    6.00000    Exception : L'équation n'a pas de solutions réelles. False     
------------------------------------------------------------------------------------------------------
3339.96129 0.00000    4710444571.54024 Exception : L'équation n'a pas de solutions réelles. False     
------------------------------------------------------------------------------------------------------
0.00000    0.00000    0.00000    Exception : L'équation n'a pas de solutions réelles. False     
------------------------------------------------------------------------------------------------------
7815.85925 14.00000   6050.03574 Exception : L'équation n'a pas de solutions réelles. False     
------------------------------------------------------------------------------------------------------
-7.30011   0.00000    -5.28522   Exception : L'équation n'a pas de solutions réelles. False     
------------------------------------------------------------------------------------------------------
-8333051956.28115 0.00000    6514.60501 -0.00088 0.00088          True      
------------------------------------------------------------------------------------------------------
0.00000    5040.02339 0.00000    Exception : Le coefficient 'a' doit être non nul pour une équation du second degré. False     
------------------------------------------------------------------------------------------------------
14.00000   5069855337.71019 -5870458119.05589 1.15791 -362132525.28007  False     
------------------------------------------------------------------------------------------------------
0.00000    2206.99371 5778.01279 Exception : Le coefficient 'a' doit être non nul pour une équation du second degré. False     
------------------------------------------------------------------------------------------------------
0.00000    0.00000    3696593849.64334 Exception : Le coefficient 'a' doit être non nul pour une équation du second degré. False     
------------------------------------------------------------------------------------------------------
0.00000    8253.02365 -4.27671   Exception : Le coefficient 'a' doit être non nul pour une équation du second degré. False     
------------------------------------------------------------------------------------------------------
0.00000    -6.97172   8376.13605 Exception : Le coefficient 'a' doit être non nul pour une équation du second degré. False     
------------------------------------------------------------------------------------------------------
0.00000    -6485822501.48886 12.00000   Exception : Le coefficient 'a' doit être non nul pour une équation du second degré. False     
------------------------------------------------------------------------------------------------------
0.00000    9.00000    6825.44605 Exception : Le coefficient 'a' doit être non nul pour une équation du second degré. False     
------------------------------------------------------------------------------------------------------
3115.31183 2714.04586 -6226660559.70695 1413.32819 -1414.19939    True      
------------------------------------------------------------------------------------------------------
3800494071.87586 -7921940368.24758 -2290162882.53976 2.34177 -0.25732          True      
------------------------------------------------------------------------------------------------------
2626.02420 605.67648  -9825472127.78268 1934.20036 -1934.43100    False     
------------------------------------------------------------------------------------------------------
0.00000    4.00000    -7715320023.73254 43915001.81006 -44938139.39439 False     
------------------------------------------------------------------------------------------------------
110.60492  9095.61254 -3398868845.98738 5502.48284 -5584.71799    True      
------------------------------------------------------------------------------------------------------
-7.87433   0.00001    -7471295214.77181 Exception : L'équation n'a pas de solutions réelles. False     
------------------------------------------------------------------------------------------------------
-4572743834.89087 4875534616.02584 -10.40581  0.00000 1.06622           False     
------------------------------------------------------------------------------------------------------
4049.57450 -4.61565   -12.14842  0.05534 -0.05420          True      
------------------------------------------------------------------------------------------------------
929.33234  -6183919285.52663 0.00000    6654152.71378 0.00000     True      
------------------------------------------------------------------------------------------------------
-5304961879.14725 -5927038469.29366 5539.04267 -1.11726 0.00000          True      
------------------------------------------------------------------------------------------------------
9.00000    8613.17485 7924.31172 -0.92091 -956.09852       True      
------------------------------------------------------------------------------------------------------
726.97346  4666.95375 5211.90474 -1.43959 -4.98011         True      
------------------------------------------------------------------------------------------------------
9156904795.16526 2602393872.19659 9725.35228 -0.00000 -0.28420         True      
------------------------------------------------------------------------------------------------------
0.00000    0.00000    2092.80096 Exception : L'équation n'a pas de solutions réelles. False     
------------------------------------------------------------------------------------------------------
-10.82551  -14.71282  5297.87589 -22.81209 21.45301        True      
------------------------------------------------------------------------------------------------------
5554.88577 5882.30887 6357.42425 Exception : L'équation n'a pas de solutions réelles. False     
------------------------------------------------------------------------------------------------------
0.00000    8860.45158 0.00000    0.00000 -3032042673.46378 False     
------------------------------------------------------------------------------------------------------
-8432448290.50947 0.00001    8.00000    -0.00003 0.00003          True      
------------------------------------------------------------------------------------------------------
3928.26104 3810.27474 9603.07460 Exception : L'équation n'a pas de solutions réelles. False     
------------------------------------------------------------------------------------------------------
-6025895402.04461 3913.47600 1912794500.58137 -0.56341 0.56341          True      
------------------------------------------------------------------------------------------------------
-5.26429   6045.74063 0.00000    -0.00000 1148.44390       True      
------------------------------------------------------------------------------------------------------
6.00000    -3007491036.26269 334.96095  501248506.04378 0.00000   False     
------------------------------------------------------------------------------------------------------
3305.14489 0.00000    -8.95725   0.05206 -0.05206          True      
------------------------------------------------------------------------------------------------------
443908370.63930 0.00000    4802.03160 Exception : L'équation n'a pas de solutions réelles. False     
------------------------------------------------------------------------------------------------------
9.00000    5.00000    0.00000    -0.00000 -0.55556         True      
------------------------------------------------------------------------------------------------------
6887.07500 8052.09397 1671391892.23904 Exception : L'équation n'a pas de solutions réelles. False     
------------------------------------------------------------------------------------------------------
3288.01249 9925612613.07037 1736.50258 -0.00000 -3018727.15826   False     
------------------------------------------------------------------------------------------------------
0.00001    856.03149  9288.32412 -10.85045 -147517793.60024 False     
------------------------------------------------------------------------------------------------------
2768756622.14580 -8.96789   0.00001    Exception : L'équation n'a pas de solutions réelles. False     
------------------------------------------------------------------------------------------------------
9103166967.95770 9269.79379 0.00000    0.00000 -0.00000          True      
------------------------------------------------------------------------------------------------------
0.00001    1841266874.95106 10.00000   0.00000 -249655342969978.12000 False     
------------------------------------------------------------------------------------------------------
13.00000   0.00001    4689.56180 Exception : L'équation n'a pas de solutions réelles. False     
------------------------------------------------------------------------------------------------------
3963.80749 7.00000    10.00000   Exception : L'équation n'a pas de solutions réelles. False     
------------------------------------------------------------------------------------------------------
-10.66695  9152380451.05028 9779679422.51278 -1.06854 858012518.84308  False     
------------------------------------------------------------------------------------------------------
8074.39127 536.88147  7.00000    -0.01781 -0.04868         True      
------------------------------------------------------------------------------------------------------
-14.60478  -3.53707   5.00000    -0.71860 0.47642          True      
------------------------------------------------------------------------------------------------------
-751508482.02750 5.00000    0.00000    -0.00000 0.00000          True      
------------------------------------------------------------------------------------------------------
0.00000    7835.62919 932.67860  -0.11903 -2840970174.69372 False     
------------------------------------------------------------------------------------------------------
9027.97379 -12.47513  4918.33176 Exception : L'équation n'a pas de solutions réelles. False     
------------------------------------------------------------------------------------------------------
2679.90163 -5552103797.47367 9171.10459 2071756.56570 0.00000     False     
------------------------------------------------------------------------------------------------------
588.51230  4439547208.27682 0.00001    0.00000 -7543677.82442    False     
------------------------------------------------------------------------------------------------------
-5403881558.48972 6980.33761 10.00000   -0.00004 0.00004          True      
------------------------------------------------------------------------------------------------------
-10.45965  2499.68631 0.00000    -0.00000 238.98383        True      
------------------------------------------------------------------------------------------------------
4.00000    -13.78933  9861832739.00077 Exception : L'équation n'a pas de solutions réelles. False     
------------------------------------------------------------------------------------------------------
3.00000    5804.75402 -4.78645   0.00082 -1934.91883       True      
------------------------------------------------------------------------------------------------------
5759.79592 -14.30298  0.00000    0.00248 0.00000           True      
------------------------------------------------------------------------------------------------------
6813289939.28058 5854.87443 -12.00792  0.00004 -0.00004          True      
------------------------------------------------------------------------------------------------------
4208.21686 -5702859231.24301 4.00000    1355172.37465 0.00000     False     
------------------------------------------------------------------------------------------------------
-4.38351   -7634430324.73147 3829333410.51633 -1741623113.42291 0.50159 False     
------------------------------------------------------------------------------------------------------
0.00001    14.00000   2256607568.16908 Exception : L'équation n'a pas de solutions réelles. False     
------------------------------------------------------------------------------------------------------
-8092546478.70096 -2013674299.46637 0.00001    -0.24883 0.00000          True      
------------------------------------------------------------------------------------------------------
6223086739.11093 6519.57558 3982968283.56429 Exception : L'équation n'a pas de solutions réelles. False     
------------------------------------------------------------------------------------------------------
7582.49765 5079.38493 0.00000    -0.00000 -0.66988         True      
------------------------------------------------------------------------------------------------------
-12.69453  8455.87411 9955.87996 -1.17532 667.27906        True      
------------------------------------------------------------------------------------------------------
9659.29450 7.00000    -5.26422   0.02299 -0.02371          True      
------------------------------------------------------------------------------------------------------
3174.27225 7862508173.66939 8189.75397 -0.00000 -2476948.27315   False     
------------------------------------------------------------------------------------------------------
3782.23578 0.00000    0.00000    0.00000 -0.00000          True      
------------------------------------------------------------------------------------------------------
-3789520708.27352 4397.55189 5538.86383 -0.00121 0.00121          True      
------------------------------------------------------------------------------------------------------
2949.28125 0.00001    0.00001    Exception : L'équation n'a pas de solutions réelles. False     
------------------------------------------------------------------------------------------------------
1861177700.61924 9862.55371 3745.20404 Exception : L'équation n'a pas de solutions réelles. False     
------------------------------------------------------------------------------------------------------
0.00000    -10.37826  0.00001    5013291.56926 0.00000     True      
------------------------------------------------------------------------------------------------------
-13.70044  9.00000    -2563195644.27667 Exception : L'équation n'a pas de solutions réelles. False     
------------------------------------------------------------------------------------------------------
8750.45319 6064.65287 521.60627  -0.10061 -0.59245         True      
------------------------------------------------------------------------------------------------------
================================== Résultats des Équations Quadratiques ==================================
a          b          c          Solution(s)               Résultat  
======================================================================================================
0.00000    8519571311.28292 0.00000    Exception : Le coefficient 'a' doit être non nul pour une équation du second degré. False     
------------------------------------------------------------------------------------------------------
9.00000    410.01283  3.00000    -0.00732 -45.54966        True      
------------------------------------------------------------------------------------------------------
7328.03706 2220.71980 4599053626.75613 Exception : L'équation n'a pas de solutions réelles. False     
------------------------------------------------------------------------------------------------------
1827458829.37439 5.00000    7218.35292 Exception : L'équation n'a pas de solutions réelles. False     
------------------------------------------------------------------------------------------------------
6983.72528 0.00001    0.00001    Exception : L'équation n'a pas de solutions réelles. False     
------------------------------------------------------------------------------------------------------
0.00000    -7478309709.45047 -8.80004   1954244637597503.00000 0.00000 False     
------------------------------------------------------------------------------------------------------
1688.92824 0.00000    1708.42523 Exception : L'équation n'a pas de solutions réelles. False     
------------------------------------------------------------------------------------------------------
-11.98432  4596.36989 6229.06211 -1.35046 384.88249        True      
------------------------------------------------------------------------------------------------------
-1923248607.33220 -8.49597   -2578412298.73728 Exception : L'équation n'a pas de solutions réelles. False     
------------------------------------------------------------------------------------------------------
0.00000    0.00000    -9734165447.96215 Exception : Le coefficient 'a' doit être non nul pour une équation du second degré. False     
------------------------------------------------------------------------------------------------------
13.00000   0.00000    0.00000    -0.00000                  True      
------------------------------------------------------------------------------------------------------
3816.66998 0.00000    8347.44429 Exception : L'équation n'a pas de solutions réelles. False     
------------------------------------------------------------------------------------------------------
6622769906.96564 0.00000    9.00000    Exception : L'équation n'a pas de solutions réelles. False     
------------------------------------------------------------------------------------------------------
4029.58068 0.00000    5092295480.74943 Exception : L'équation n'a pas de solutions réelles. False     
------------------------------------------------------------------------------------------------------
0.00001    0.00000    0.00001    Exception : L'équation n'a pas de solutions réelles. False     
------------------------------------------------------------------------------------------------------
7669.82867 6.00000    9620.42412 Exception : L'équation n'a pas de solutions réelles. False     
------------------------------------------------------------------------------------------------------
-9.48320   0.00000    -11.81655  Exception : L'équation n'a pas de solutions réelles. False     
------------------------------------------------------------------------------------------------------
-9231775485.43749 0.00000    874.87371  -0.00031 0.00031          True      
------------------------------------------------------------------------------------------------------
0.00000    2210.31648 0.00001    Exception : Le coefficient 'a' doit être non nul pour une équation du second degré. False     
------------------------------------------------------------------------------------------------------
10.00000   7598383461.14598 -6923458920.23102 0.91118 -759838347.02577  False     
------------------------------------------------------------------------------------------------------
0.00000    1646.89955 9262.14545 Exception : Le coefficient 'a' doit être non nul pour une équation du second degré. False     
------------------------------------------------------------------------------------------------------
0.00000    0.00001    1409210368.30399 Exception : Le coefficient 'a' doit être non nul pour une équation du second degré. False     
------------------------------------------------------------------------------------------------------
0.00000    3714.24307 -3.61162   Exception : Le coefficient 'a' doit être non nul pour une équation du second degré. False     
------------------------------------------------------------------------------------------------------
0.00000    -11.35716  4410.47564 Exception : Le coefficient 'a' doit être non nul pour une équation du second degré. False     
------------------------------------------------------------------------------------------------------
0.00000    -8015600279.31657 15.00000   Exception : Le coefficient 'a' doit être non nul pour une équation du second degré. False     
------------------------------------------------------------------------------------------------------
0.00000    15.00000   9340.89856 Exception : Le coefficient 'a' doit être non nul pour une équation du second degré. False     
------------------------------------------------------------------------------------------------------
5898.49878 1501.80480 -5167784454.69029 935.88477 -936.13938      True      
------------------------------------------------------------------------------------------------------
8727368099.76616 -9514558263.06635 -1566177065.74794 1.23545 -0.14526          False     
------------------------------------------------------------------------------------------------------
1625.55337 9315.78827 -4073812654.56530 1580.20641 -1585.93725    True      
------------------------------------------------------------------------------------------------------
0.00000    12.00000   -8952836861.78831 64227436.04144 -70277461.86954 True      
------------------------------------------------------------------------------------------------------
9705.59313 7118.17902 -5338251511.61343 741.26541 -741.99882      False     
------------------------------------------------------------------------------------------------------
-5.40356   0.00000    -8354790556.41225 Exception : L'équation n'a pas de solutions réelles. False     
------------------------------------------------------------------------------------------------------
-2023184099.53811 4685280190.65505 -8.59847   0.00000 2.31580           True      
------------------------------------------------------------------------------------------------------
7805.21531 -11.47176  -7.79700   0.03235 -0.03088          True      
------------------------------------------------------------------------------------------------------
878.68351  -7378226711.65021 0.00000    8396910.37327 0.00000     True      
------------------------------------------------------------------------------------------------------
-5183157902.81737 -3343485973.49167 2459.09025 -0.64507 0.00000          True      
------------------------------------------------------------------------------------------------------
9.00000    367.02955  9635.98478 Exception : L'équation n'a pas de solutions réelles. False     
------------------------------------------------------------------------------------------------------
5179.01655 7601.81440 5000.00625 Exception : L'équation n'a pas de solutions réelles. False     
------------------------------------------------------------------------------------------------------
5060773043.81918 9834025420.31697 7697.48563 -0.00000 -1.94319         False     
------------------------------------------------------------------------------------------------------
0.00001    0.00001    2425.76309 Exception : L'équation n'a pas de solutions réelles. False     
------------------------------------------------------------------------------------------------------
-12.81644  -9.71494   4087.12683 -18.24072 17.48271        True      
------------------------------------------------------------------------------------------------------
4429.86993 5832.71003 8291.15279 Exception : L'équation n'a pas de solutions réelles. False     
------------------------------------------------------------------------------------------------------
0.00001    2968.85845 0.00000    0.00000 -309583858.54770  False     
------------------------------------------------------------------------------------------------------
-3353082162.56598 0.00000    5.00000    -0.00004 0.00004          True      
------------------------------------------------------------------------------------------------------
7253.45111 407.93143  6449.82196 Exception : L'équation n'a pas de solutions réelles. False     
------------------------------------------------------------------------------------------------------
-9899635700.20270 7453.18462 4783839942.08513 -0.69515 0.69515          True      
------------------------------------------------------------------------------------------------------
-7.32652   8287.29247 0.00001    -0.00000 1131.13695       True      
------------------------------------------------------------------------------------------------------
11.00000   -3195098390.05653 9396.85220 290463490.00514 0.00000   False     
------------------------------------------------------------------------------------------------------
9503.19108 0.00001    -12.42805  0.03616 -0.03616          True      
------------------------------------------------------------------------------------------------------
9021954893.40079 0.00000    7324.12970 Exception : L'équation n'a pas de solutions réelles. False     
------------------------------------------------------------------------------------------------------
12.00000   13.00000   0.00001    -0.00000 -1.08333         True      
------------------------------------------------------------------------------------------------------
6586.55292 1486.38895 5546032270.48773 Exception : L'équation n'a pas de solutions réelles. False     
------------------------------------------------------------------------------------------------------
4195.86269 5017530640.48446 5605.13808 -0.00000 -1195828.13008   False     
------------------------------------------------------------------------------------------------------
0.00000    8558.05239 7712.84489 -0.90124 -3136801470.53883 False     
------------------------------------------------------------------------------------------------------
3536594184.63962 -10.51129  0.00001    Exception : L'équation n'a pas de solutions réelles. False     
------------------------------------------------------------------------------------------------------
2748424088.87284 8755.53499 0.00000    0.00000 -0.00000          True      
------------------------------------------------------------------------------------------------------
0.00000    7207894454.06012 8.00000    0.00000 -3274389370032429.50000 False     
------------------------------------------------------------------------------------------------------
9.00000    0.00001    5314.39651 Exception : L'équation n'a pas de solutions réelles. False     
------------------------------------------------------------------------------------------------------
556.30202  12.00000   10.00000   Exception : L'équation n'a pas de solutions réelles. False     
------------------------------------------------------------------------------------------------------
-8.49256   8480964343.27780 3353358052.13055 -0.39540 998634731.24412  False     
------------------------------------------------------------------------------------------------------
2114.83081 2097.24807 13.00000   -0.00624 -0.98545         True      
------------------------------------------------------------------------------------------------------
-7.60066   -11.02344  12.00000   -2.17591 0.72559          True      
------------------------------------------------------------------------------------------------------
-9020205143.42080 6.00000    0.00000    -0.00000 0.00000          True      
------------------------------------------------------------------------------------------------------
0.00000    157.51081  4302.28107 -27.31420 -163989726.05217 False     
------------------------------------------------------------------------------------------------------
9524.66209 -5.61198   6858.77845 Exception : L'équation n'a pas de solutions réelles. False     
------------------------------------------------------------------------------------------------------
8431.04384 -3055288884.44786 2250.31833 362385.60062 0.00000      False     
------------------------------------------------------------------------------------------------------
8331.52437 9514070652.85887 0.00000    0.00000 -1141936.36483    False     
------------------------------------------------------------------------------------------------------
-2851479411.89205 4178.44339 10.00000   -0.00006 0.00006          True      
------------------------------------------------------------------------------------------------------
-9.72053   1447.96330 0.00000    -0.00000 148.95936        True      
------------------------------------------------------------------------------------------------------
11.00000   -10.26681  1570112667.78719 Exception : L'équation n'a pas de solutions réelles. False     
------------------------------------------------------------------------------------------------------
7.00000    2044.08538 -3.83086   0.00187 -292.01407        True      
------------------------------------------------------------------------------------------------------
5616.57909 -5.48564   0.00000    0.00098 0.00000           True      
------------------------------------------------------------------------------------------------------
3573111012.72125 7344.92102 -4.80788   0.00004 -0.00004          True      
------------------------------------------------------------------------------------------------------
7460.22196 -2438756824.72287 4.00000    326901.37631 0.00000      False     
------------------------------------------------------------------------------------------------------
-13.58074  -989423356.13867 8542448996.73874 -72854888.62588 8.63376   False     
------------------------------------------------------------------------------------------------------
0.00000    8.00000    3705693356.45245 Exception : L'équation n'a pas de solutions réelles. False     
------------------------------------------------------------------------------------------------------
-9011614722.89621 -7133590565.38208 0.00001    -0.79160 0.00000          False     
------------------------------------------------------------------------------------------------------
8625357520.47741 8253.90125 7762070559.27183 Exception : L'équation n'a pas de solutions réelles. False     
------------------------------------------------------------------------------------------------------
5341.18877 4290.41432 0.00001    -0.00000 -0.80327         True      
------------------------------------------------------------------------------------------------------
-5.76949   5922.11158 3512.17381 -0.59272 1027.04542       True      
------------------------------------------------------------------------------------------------------
8135.68747 6.00000    -13.54331  0.04043 -0.04117          True      
------------------------------------------------------------------------------------------------------
2843.84695 9931841630.61956 5006.71525 -0.00000 -3492396.67141   False     
------------------------------------------------------------------------------------------------------
6534.40756 0.00000    0.00000    0.00000 -0.00000          True      
------------------------------------------------------------------------------------------------------
-7706497798.77927 4532.00838 1029.08670 -0.00037 0.00037          True      
------------------------------------------------------------------------------------------------------
7625.18872 0.00000    0.00001    Exception : L'équation n'a pas de solutions réelles. False     
------------------------------------------------------------------------------------------------------
2227614879.71414 3133.30182 1481.50908 Exception : L'équation n'a pas de solutions réelles. False     
------------------------------------------------------------------------------------------------------
0.00000    -7.32784   0.00001    15630663.92365 0.00000    True      
------------------------------------------------------------------------------------------------------
-11.51113  5.00000    -3660822789.28218 Exception : L'équation n'a pas de solutions réelles. False     
------------------------------------------------------------------------------------------------------
2585.75828 1173.09060 9722.03739 Exception : L'équation n'a pas de solutions réelles. False     
------------------------------------------------------------------------------------------------------
